// Jest Snapshot v1, https://goo.gl/fbAQLP

exports[`BackButton should render with icon 1`] = `
<View
  accessibilityState={
    {
      "busy": undefined,
      "checked": undefined,
      "disabled": undefined,
      "expanded": undefined,
      "selected": undefined,
    }
  }
  accessibilityValue={
    {
      "max": undefined,
      "min": undefined,
      "now": undefined,
      "text": undefined,
    }
  }
  accessible={true}
  collapsable={false}
  focusable={true}
  onBlur={[Function]}
  onClick={[Function]}
  onFocus={[Function]}
  onResponderGrant={[Function]}
  onResponderMove={[Function]}
  onResponderRelease={[Function]}
  onResponderTerminate={[Function]}
  onResponderTerminationRequest={[Function]}
  onStartShouldSetResponder={[Function]}
  style={
    [
      {
        "paddingBottom": 10,
        "paddingLeft": 10,
        "paddingRight": 10,
        "paddingTop": 10,
      },
    ]
  }
>
  <Image
    resizeMode="contain"
    size={15}
    source={
      {
        "testUri": "../../../src/assets/icons/apple/Vector.png",
      }
    }
    style={
      [
        {
          "maxHeight": 15,
          "maxWidth": 15,
          "minHeight": 15,
          "minWidth": 15,
        },
      ]
    }
  />
</View>
`;
